START             &9000
GAME_LOOP         &9029
STEP              &9039
NOT_ESC           &904A
CONTINUE          &905E
DRAW_ALL          &9065
DRAW_BLOCK        &9095
BLOCK_Y           &909F
BLOCK_X           &90A6
BLOCK_ROW         &90AE
BLOCK_SCAN        &90B1
BLOCK_NEXT        &90C7
READ_KEYS         &90CB
KEY_UP            &90D9
KEY_DOWN_TEST     &90E4
KEY_DOWN          &90F1
MOVE_CPU          &90FC
CPU_UP            &911D
MOVE_BALL         &9128
CHECK_BOTTOM      &913B
STORE_Y           &9146
PLAYER_DEFLECT_UP &917A
PLAYER_STORE_VY   &917C
CHECK_CPU_HIT     &917F
CPU_DEFLECT_UP    &91A8
CPU_STORE_VY      &91AA
CHECK_SCORES      &91AD
CHECK_RIGHT_SCORE &91B7
NO_SCORE          &91BE
IN_PADDLE         &91C0
HIT               &91CF
PLAYER_Y          &91D1
CPU_Y             &91D2
BALL_X            &91D3
BALL_Y            &91D4
VX                &91D5
VY                &91D6
FRAME             &91D7
AI_TICK           &91D8
RESULT            &91D9
COLOR             &91DA
END_CODE          &91DB
